python.exe : C:\Users\taha.bi
yikli\Desktop\makerbot\backen
d\venv\Lib\site-packages\pyte
st_asyncio\plugin.py:207: Pyt
estDeprecationWarning: The co
nfiguration option "asyncio_d
efault_fixture_loop_scope" is
 unset.
At line:1 char:1
+ & "c:\Users\taha.biyikli\De
sktop\makerbot\backend\venv\S
cripts\python ...
+ ~~~~~~~~~~~~~~~~~~~~~~~~~~~
~~~~~~~~~~~~~~~~~~~~~~~~~~~~~
~~~~~~~~~~~~~
    + CategoryInfo           
   : NotSpecified: (C:\User  
  s\taha.b...cope" is unse   
 t.:String) [], RemoteExc    
eption
    + FullyQualifiedErrorId  
   : NativeCommandError
 
The event loop scope for asyn
chronous fixtures will defaul
t to the fixture caching scop
e. Future versions of pytest-
asyncio will default the loop
 scope for asynchronous fixtu
res to function scope. Set th
e default fixture loop scope 
explicitly in order to avoid 
unexpected behavior in the fu
ture. Valid fixture loop scop
es are: "function", "class", 
"module", "package", "session
"

  warnings.warn(PytestDepreca
tionWarning(_DEFAULT_FIXTURE_
LOOP_SCOPE_UNSET))
============================= test session starts =============================
collecting ... collected 26 items

tests/test_orderbook.py::test_empty_orderbook PASSED                     [  3%]
tests/test_orderbook.py::test_snapshot PASSED                            [  7%]
tests/test_orderbook.py::test_delta_add PASSED                           [ 11%]
tests/test_orderbook.py::test_delta_remove PASSED                        [ 15%]
tests/test_orderbook.py::test_top_levels PASSED                          [ 19%]
tests/test_quote.py::test_basic_quote PASSED                             [ 23%]
tests/test_quote.py::test_spread_symmetry PASSED                         [ 26%]
tests/test_quote.py::test_within_10bps PASSED                            [ 30%]
tests/test_quote.py::test_exceeds_10bps PASSED                           [ 34%]
tests/test_quote.py::test_zero_mid PASSED                                [ 38%]
tests/test_quote.py::test_to_dict PASSED                                 [ 42%]
tests/test_risk.py::test_initial_position PASSED                         [ 46%]
tests/test_risk.py::test_can_place_order_within_limits PASSED            [ 50%]
tests/test_risk.py::test_position_limit_exceeded PASSED                  [ 53%]
tests/test_risk.py::test_notional_limit_exceeded PASSED                  [ 57%]
tests/test_risk.py::test_sell_reduces_position PASSED                    [ 61%]
tests/test_risk.py::test_should_reduce_only PASSED                       [ 65%]
tests/test_risk.py::test_get_status PASSED                               [ 69%]
tests/test_uptime.py::test_initial_state PASSED                          [ 73%]
tests/test_uptime.py::test_tick_active PASSED                            [ 76%]
tests/test_uptime.py::test_tick_inactive PASSED                          [ 80%]
tests/test_uptime.py::test_target_met PASSED                             [ 84%]
tests/test_uptime.py::test_target_not_met PASSED                         [ 88%]
tests/test_uptime.py::test_seconds_remaining PASSED                      [ 92%]
tests/test_uptime.py::test_get_stats PASSED                              [ 96%]
tests/test_uptime.py::test_rollover PASSED                               [100%]

============================= 26 passed in 0.58s ==============================
